// Vitest Snapshot v1, https://vitest.dev/guide/snapshot.html

exports[`from() > throws with incorrect values > ["3298.987.32",18] 1`] = `[Error: dnum: incorrect number (3298.987.32)]`;
